#-----------------------------------------------------------
# Vivado v2022.1 (64-bit)
# SW Build 3526262 on Mon Apr 18 15:48:16 MDT 2022
# IP Build 3524634 on Mon Apr 18 20:55:01 MDT 2022
# Start of session at: Tue Oct 29 16:10:13 2024
# Process ID: 6980
# Current directory: C:/Users/umber/Documents/elettronica_digitale/carry_select_adder_16bit/carry_select_adder_16bit.sim/sim_1/behav/xsim
# Command line: vivado.exe -gui_launcher_event rodinguilauncherevent12636 C:\Users\umber\Documents\elettronica_digitale\carry_select_adder_16bit\carry_select_adder_16bit.sim\sim_1\behav\xsim\fulladder_1bit_behav.wdb
# Log file: C:/Users/umber/Documents/elettronica_digitale/carry_select_adder_16bit/carry_select_adder_16bit.sim/sim_1/behav/xsim/vivado.log
# Journal file: C:/Users/umber/Documents/elettronica_digitale/carry_select_adder_16bit/carry_select_adder_16bit.sim/sim_1/behav/xsim\vivado.jou
# Running On: COMPUTR, OS: Windows, CPU Frequency: 1797 MHz, CPU Physical cores: 16, Host memory: 16486 MB
#-----------------------------------------------------------
start_gui
open_wave_database {C:\Users\umber\Documents\elettronica_digitale\carry_select_adder_16bit\carry_select_adder_16bit.sim\sim_1\behav\xsim\fulladder_1bit_behav.wdb}
close_sim
